{
  "payload": {
    "state_topic": "echonetlite2mqtt/elapi/v2/devices/fe00007700000200000000000000000001_026b01/properties/bathOperationStatusMonitor",
    "value_template": "{% set mapping = {'runningHotWater':'湯張り中','noOperation':'停止中','keepingTemperature':'保温中'} %}\n{{ mapping.get(value, 'unknown') }}",
    "unique_id": "echonetlite_fe00007700000200000000000000000001_026b01_simple_bathOperationStatusMonitor",
    "name": "風呂動作状態監視"
  }
}
