{
  "device": {
    "identifiers": ["echonetlite_fe00007700000200000000000000000001_029001"],
    "name": "一般照明(192.168.1.100)",
    "manufacturer": "KadenEmulator"
  }
}
