{
  "state_topic": "echonetlite2mqtt/elapi/v2/devices/fe00000b0000026b010000000000000001/properties/numberOfEnergyShifts",
  "native_value": "int",
  "value_template": "{% if value | int(default=None) is not none %}\n  {{ value | int }}\n{% else %}\n  unknown\n{% endif %}",
  "unique_id": "echonetlite_fe00000b0000026b010000000000000001_simple_numberOfEnergyShifts",
  "name": "エネルギーシフト回数"
}
