{
  "state_topic": "echonetlite2mqtt/elapi/v2/devices/fe00007700000200000000000000000001_000701/properties/detection",
  "payload_on": "true",
  "payload_off": "false",
  "device_class": "motion",
  "unique_id": "echonetlite_fe00007700000200000000000000000001_000701_simple_detection",
  "name": "人体検知状態"
}
