{
  "state_topic": "echonetlite2mqtt/elapi/v2/devices/fe00007700000200000000000000000001_013001/properties/roomTemperature",
  "native_value": "int",
  "value_template": "{% if value | int(default=None) is not none %}\n  {{ value | int }}\n{% else %}\n  unknown\n{% endif %}",
  "unit_of_measurement": "°C",
  "device_class": "temperature",
  "unique_id": "echonetlite_fe00007700000200000000000000000001_013001_simple_roomTemperature",
  "name": "室内温度計測値"
}
