["consumedCumulativeElectricEnergy","operationStatus","operationMode","targetTemperature","airFlowLevel","airFlowDirectionVertical","automaticControlAirFlowDirection","roomTemperature","humidity"]
