{
  "state_topic": "echonetlite2mqtt/elapi/v2/devices/fe00007700000200000000000000000001_013001/properties/powerSavingOperation",
  "payload_on": "true",
  "payload_off": "false",
  "unique_id": "echonetlite_fe00007700000200000000000000000001_013001_simple_powerSavingOperation",
  "name": "節電動作設定"
}
