{
  "device": {
    "identifiers": ["echonetlite_fe00007700000200000000000000000001_001101"],
    "name": "温度センサ(192.168.1.100)",
    "manufacturer": "KadenEmulator"
  }
}
