{
  "payload": {
    "state_topic": "echonetlite2mqtt/elapi/v2/devices/fe00007700000200000000000000000001_001101/properties/value",
    "suggested_display_precision": 1,
    "native_value": "float",
    "value_template": "{% if value | float(default=None) is not none %}\n  {{ value | float }}\n{% else %}\n  unknown\n{% endif %}",
    "unit_of_measurement": "°C",
    "device_class": "temperature",
    "unique_id": "echonetlite_fe00007700000200000000000000000001_001101_simple_value",
    "name": "温度計測値"
  }
}
