{
  "payload": {
    "state_topic": "echonetlite2mqtt/elapi/v2/devices/fe00000b0000013001000000000000000/properties/faultStatus",
    "payload_on": "true",
    "payload_off": "false",
    "device_class": "problem",
    "unique_id": "echonetlite_fe00000b0000013001000000000000000_simple_faultStatus",
    "name": "異常発生状態"
  }
}
