{
  "payload": {
    "state_topic": "echonetlite2mqtt/elapi/v2/devices/fe00000b0000026b010000000000000001/properties/faultStatus",
    "payload_on": "true",
    "payload_off": "false",
    "device_class": "problem",
    "unique_id": "echonetlite_fe00000b0000026b010000000000000001_simple_faultStatus",
    "name": "異常発生状態"
  }
}
