{
  "device": {
    "identifiers": ["echonetlite_fe00007700000200000000000000000001_000701"],
    "name": "人体検知センサ(192.168.1.100)",
    "manufacturer": "KadenEmulator"
  }
}
