{
  "device": {
    "identifiers": ["echonetlite_fe00007700000200000000000000000001_026301"],
    "name": "電動雨戸・シャッター(192.168.1.100)",
    "manufacturer": "KadenEmulator"
  }
}
