{
  "device": {
    "identifiers": ["echonetlite_fe00007700000200000000000000000001_013001"],
    "name": "家庭用エアコン(192.168.1.100)",
    "manufacturer": "KadenEmulator"
  }
}
