{
  "payload": {
    "state_topic": "echonetlite2mqtt/elapi/v2/devices/fe00000b0000013001000000000000000/properties/faultDescription",
    "unique_id": "echonetlite_fe00000b0000013001000000000000000_simple_faultDescription",
    "name": "異常内容"
  }
}
