{
  "payload": {
    "state_topic": "echonetlite2mqtt/elapi/v2/devices/fe00000b0000013001000000000000000/properties/roomTemperature",
    "unit_of_measurement": "°C",
    "device_class": "temperature",
    "unique_id": "echonetlite_fe00000b0000013001000000000000000_simple_roomTemperature",
    "name": "室内温度計測値"
  }
}
