{
  "state_topic": "echonetlite2mqtt/elapi/v2/devices/fe00007700000200000000000000000001_026b01/properties/standardTimeToStartHeating",
  "native_value": "int",
  "value_template": "{% if value | int(default=None) is not none %}\n  {{ value | int }}\n{% else %}\n  None\n{% endif %}",
  "unique_id": "echonetlite_fe00007700000200000000000000000001_026b01_simple_standardTimeToStartHeating",
  "name": "沸き上げ開始基準時刻"
}
