{
  "payload": {
    "state_topic": "echonetlite2mqtt/elapi/v2/devices/fe00000b0000013001000000000000000/properties/powerSavingOperation",
    "command_topic": "echonetlite2mqtt/elapi/v2/devices/fe00000b0000013001000000000000000/properties/powerSavingOperation/set",
    "payload_on": "true",
    "payload_off": "false",
    "unique_id": "echonetlite_fe00000b0000013001000000000000000_simple_powerSavingOperation",
    "name": "節電動作設定"
  }
}
