{
  "state_topic": "echonetlite2mqtt/elapi/v2/devices/fe00007700000200000000000000000001_026b01/properties/hotWaterSupplyStatus",
  "payload_on": "true",
  "payload_off": "false",
  "device_class": "running",
  "unique_id": "echonetlite_fe00007700000200000000000000000001_026b01_simple_hotWaterSupplyStatus",
  "name": "給湯中状態"
}
