{
  "payload": {
    "options": ["自動沸き上げ", "手動沸き上げ停止", "手動沸き上げ"],
    "state_topic": "echonetlite2mqtt/elapi/v2/devices/fe00000b0000026b010000000000000001/properties/automaticWaterHeating",
    "command_topic": "echonetlite2mqtt/elapi/v2/devices/fe00000b0000026b010000000000000001/properties/automaticWaterHeating/set",
    "value_template": "{% set mapping = {'auto':'自動沸き上げ','manualNoHeating':'手動沸き上げ停止','manualHeating':'手動沸き上げ'} %}\n{{ mapping.get(value, 'unknown') }}",
    "command_template": "{% set mapping = {'自動沸き上げ':'auto','手動沸き上げ停止':'manualNoHeating','手動沸き上げ':'manualHeating'} %}\n{{ mapping[value] }}",
    "unique_id": "echonetlite_fe00000b0000026b010000000000000001_simple_automaticWaterHeating",
    "name": "沸き上げ自動設定"
  }
}
