{
  "payload": {
    "state_topic": "echonetlite2mqtt/elapi/v2/devices/fe00000b0000026b010000000000000001/properties/energyShiftParticipation",
    "command_topic": "echonetlite2mqtt/elapi/v2/devices/fe00000b0000026b010000000000000001/properties/energyShiftParticipation/set",
    "payload_on": "true",
    "payload_off": "false",
    "unique_id": "echonetlite_fe00000b0000026b010000000000000001_simple_energyShiftParticipation",
    "name": "エネルギーシフト参加状態"
  }
}
