{
  "payload": {
    "state_topic": "echonetlite2mqtt/elapi/v2/devices/fe00007700000200000000000000000001_001101/properties/faultStatus",
    "payload_on": "true",
    "payload_off": "false",
    "device_class": "problem",
    "unique_id": "echonetlite_fe00007700000200000000000000000001_001101_simple_faultStatus",
    "name": "異常発生状態"
  }
}
