{
  "payload": {
    "state_topic": "echonetlite2mqtt/elapi/v2/devices/fe00007700000200000000000000000001_029001/properties/operationStatus",
    "command_topic": "echonetlite2mqtt/elapi/v2/devices/fe00007700000200000000000000000001_029001/properties/operationStatus/set",
    "payload_on": "true",
    "payload_off": "false",
    "unique_id": "echonetlite_fe00007700000200000000000000000001_029001_simple_operationStatus",
    "name": "動作状態"
  }
}
